../Core/Src/main.c:71:13:BluePill_ForceUsbReenumeration	32	static
../Core/Src/main.c:92:6:HAL_TIM_PeriodElapsedCallback	16	static
../Core/Src/main.c:102:6:start_motor	80	static
../Core/Src/main.c:136:6:stop_motor	8	static
../Core/Src/main.c:158:6:set_velocity	96	static
../Core/Src/main.c:176:6:set_pid	24	static
../Core/Src/main.c:187:5:main	608	static
../Core/Src/main.c:318:6:SystemClock_Config	88	static
../Core/Src/main.c:365:6:process_usb_command	304	static
../Core/Src/main.c:465:6:Error_Handler	4	static,ignoring_inline_asm
